// Jest Snapshot v1, https://goo.gl/fbAQLP

exports[`<ConfirmationModal /> rendering should render without crashing 1`] = `
<DocumentFragment>
  <div
    class="modal is-active"
  >
    <div
      class="modal-background"
    />
    <div
      class="modal-card"
    >
      <header
        class="modal-card-head"
      >
        <p
          class="modal-card-title"
        >
          test title
        </p>
      </header>
      <section
        class="modal-card-body"
      >
        test body
      </section>
      <footer
        class="modal-card-foot"
      >
        <button
          class="button is-danger undefined"
          type="button"
        >
          test message
        </button>
        <button
          class="button"
          type="button"
        >
          test message
        </button>
      </footer>
    </div>
  </div>
</DocumentFragment>
`;
