// Jest Snapshot v1, https://goo.gl/fbAQLP

exports[`<ErrorMessage /> rendering should render without crashing 1`] = `
<DocumentFragment>
  <p
    class="error"
  >
    This field is required
  </p>
</DocumentFragment>
`;
