// Jest Snapshot v1, https://goo.gl/fbAQLP

exports[`<Link /> rendering should render without crashing 1`] = `undefined`;
